C:/Users/divya/Documents/STM32_Nucleo_BareMetal/chip_headers/CMSIS/Include/core_cm4.h:1679:22:__NVIC_EnableIRQ	16	static,ignoring_inline_asm
../Src/uart.c:35:5:__io_putchar	16	static
../Src/uart.c:41:6:uart_tx_init	8	static
../Src/uart.c:82:6:uart_TxRx_init	8	static
../Src/uart.c:133:6:uart2_Rx_interrupt_init	8	static
../Src/uart.c:184:6:uart2_tx_interrupt_init	8	static
../Src/uart.c:220:6:uart2_write	16	static
../Src/uart.c:232:6:uart2_read_data	4	static
../Src/uart.c:247:13:uart_set_baudrate	24	static
../Src/uart.c:252:17:compute_uart_bd	16	static
